2026-05-13 08:49:11 [info] [ClaudeSSHManager] Initialized with version <blob>
2026-05-13 11:55:55 [info] [remote] network-interface change detected; probing SSH controllers
2026-05-13 12:24:56 [info] [remote] network-interface change detected; probing SSH controllers
2026-05-13 12:37:09 [info] [remote] network-interface change detected; probing SSH controllers
2026-05-13 13:03:20 [info] [remote] powerMonitor:unlock-screen; probing SSH controllers
2026-05-13 13:24:40 [info] [remote] network-interface change detected; probing SSH controllers
2026-05-13 13:29:43 [info] [remote] network-interface change detected; probing SSH controllers
2026-05-13 13:39:59 [info] [remote] network-interface change detected; probing SSH controllers
2026-05-13 13:40:20 [info] [remote] network-interface change detected; probing SSH controllers
2026-05-13 13:40:41 [info] [remote] network-interface change detected; probing SSH controllers
2026-05-13 13:41:41 [info] [remote] network-interface change detected; probing SSH controllers
2026-05-13 13:45:44 [info] [remote] network-interface change detected; probing SSH controllers
2026-05-13 13:52:23 [info] [remote] network-interface change detected; probing SSH controllers
2026-05-13 13:53:17 [info] [remote] network-interface change detected; probing SSH controllers
2026-05-13 13:55:14 [info] [remote] network-interface change detected; probing SSH controllers
2026-05-13 13:56:02 [info] [remote] powerMonitor:resume; probing SSH controllers
2026-05-13 13:56:05 [info] [remote] network-interface change detected; probing SSH controllers
2026-05-13 13:56:23 [info] [remote] network-interface change detected; probing SSH controllers
2026-05-13 13:57:08 [info] [remote] network-interface change detected; probing SSH controllers
2026-05-13 14:04:22 [info] [remote] powerMonitor:resume; probing SSH controllers
2026-05-13 14:04:23 [info] [remote] powerMonitor:unlock-screen; probing SSH controllers
2026-05-13 14:04:24 [info] [remote] network-interface change detected; probing SSH controllers
2026-05-13 14:05:24 [info] [remote] network-interface change detected; probing SSH controllers
2026-05-13 14:07:08 [info] [remote] powerMonitor:resume; probing SSH controllers
2026-05-13 14:07:11 [info] [remote] network-interface change detected; probing SSH controllers
2026-05-13 14:07:12 [info] [remote] powerMonitor:unlock-screen; probing SSH controllers
2026-05-13 14:07:14 [info] [remote] network-interface change detected; probing SSH controllers
2026-05-13 14:07:17 [info] [remote] network-interface change detected; probing SSH controllers
2026-05-13 14:07:20 [info] [remote] network-interface change detected; probing SSH controllers
2026-05-13 14:13:05 [info] [remote] network-interface change detected; probing SSH controllers
2026-05-13 14:13:23 [info] [remote] network-interface change detected; probing SSH controllers
2026-05-13 14:56:01 [info] [remote] network-interface change detected; probing SSH controllers
2026-05-13 15:09:01 [info] [remote] network-interface change detected; probing SSH controllers
2026-05-13 15:09:19 [info] [remote] network-interface change detected; probing SSH controllers
2026-05-13 16:04:47 [info] [remote] network-interface change detected; probing SSH controllers
2026-05-13 16:55:58 [info] [remote] network-interface change detected; probing SSH controllers
2026-05-13 16:56:07 [info] [remote] network-interface change detected; probing SSH controllers
2026-05-13 17:16:49 [info] [remote] network-interface change detected; probing SSH controllers
2026-05-13 18:39:41 [info] [remote] network-interface change detected; probing SSH controllers
2026-05-13 18:39:47 [info] [remote] network-interface change detected; probing SSH controllers
2026-05-13 19:47:46 [info] [remote] powerMonitor:resume; probing SSH controllers
2026-05-13 19:47:48 [info] [remote] powerMonitor:unlock-screen; probing SSH controllers
2026-05-13 19:47:49 [info] [remote] network-interface change detected; probing SSH controllers
2026-05-13 20:41:38 [info] [remote] network-interface change detected; probing SSH controllers
2026-05-13 21:00:00 [info] [remote] powerMonitor:unlock-screen; probing SSH controllers
2026-05-14 00:02:50 [info] [remote] network-interface change detected; probing SSH controllers
2026-05-14 00:06:09 [info] [remote] network-interface change detected; probing SSH controllers
2026-05-14 03:19:28 [info] [remote] network-interface change detected; probing SSH controllers
2026-05-14 03:34:59 [info] [remote] network-interface change detected; probing SSH controllers
2026-05-14 04:33:25 [info] [remote] network-interface change detected; probing SSH controllers
2026-05-14 08:52:30 [info] [remote] network-interface change detected; probing SSH controllers
2026-05-14 08:52:33 [info] [remote] network-interface change detected; probing SSH controllers
2026-05-14 14:33:40 [info] [remote] powerMonitor:resume; probing SSH controllers
2026-05-14 14:33:43 [info] [remote] network-interface change detected; probing SSH controllers
2026-05-14 14:33:44 [info] [remote] powerMonitor:unlock-screen; probing SSH controllers
2026-05-14 14:54:14 [info] [remote] network-interface change detected; probing SSH controllers
2026-05-14 15:01:40 [info] [remote] powerMonitor:unlock-screen; probing SSH controllers
2026-05-14 17:26:57 [info] [remote] network-interface change detected; probing SSH controllers
2026-05-14 18:16:23 [info] [remote] network-interface change detected; probing SSH controllers
2026-05-14 18:17:41 [info] [remote] network-interface change detected; probing SSH controllers
2026-05-14 18:18:59 [info] [remote] network-interface change detected; probing SSH controllers
2026-05-14 18:20:53 [info] [remote] network-interface change detected; probing SSH controllers
2026-05-14 18:21:17 [info] [remote] network-interface change detected; probing SSH controllers
2026-05-14 18:21:53 [info] [remote] network-interface change detected; probing SSH controllers
2026-05-14 18:22:17 [info] [remote] network-interface change detected; probing SSH controllers
2026-05-14 18:23:08 [info] [remote] network-interface change detected; probing SSH controllers
2026-05-14 18:23:35 [info] [remote] network-interface change detected; probing SSH controllers
2026-05-14 18:24:26 [info] [remote] network-interface change detected; probing SSH controllers
2026-05-14 18:24:50 [info] [remote] network-interface change detected; probing SSH controllers
2026-05-14 18:26:08 [info] [remote] network-interface change detected; probing SSH controllers
2026-05-14 18:27:56 [info] [remote] network-interface change detected; probing SSH controllers
2026-05-14 18:28:38 [info] [remote] network-interface change detected; probing SSH controllers
2026-05-14 18:30:40 [info] [remote] powerMonitor:unlock-screen; probing SSH controllers
2026-05-14 21:12:57 [info] [remote] network-interface change detected; probing SSH controllers
2026-05-14 21:13:03 [info] [remote] network-interface change detected; probing SSH controllers
2026-05-14 21:13:36 [info] [remote] network-interface change detected; probing SSH controllers
2026-05-14 21:45:53 [info] [remote] network-interface change detected; probing SSH controllers
2026-05-15 05:37:08 [info] [remote] powerMonitor:resume; probing SSH controllers
2026-05-15 05:37:10 [info] [remote] powerMonitor:unlock-screen; probing SSH controllers
2026-05-15 05:37:11 [info] [remote] network-interface change detected; probing SSH controllers
2026-05-15 05:39:32 [info] [remote] network-interface change detected; probing SSH controllers
2026-05-15 06:53:26 [info] [remote] powerMonitor:resume; probing SSH controllers
2026-05-15 06:53:28 [info] [remote] network-interface change detected; probing SSH controllers
2026-05-15 06:53:31 [info] [remote] network-interface change detected; probing SSH controllers
2026-05-15 07:32:11 [info] [remote] network-interface change detected; probing SSH controllers
2026-05-15 07:47:35 [info] [remote] network-interface change detected; probing SSH controllers
2026-05-15 07:47:38 [info] [remote] network-interface change detected; probing SSH controllers
2026-05-15 08:19:28 [info] [remote] powerMonitor:resume; probing SSH controllers
2026-05-15 08:19:31 [info] [remote] network-interface change detected; probing SSH controllers
2026-05-15 08:19:38 [info] [remote] powerMonitor:unlock-screen; probing SSH controllers
2026-05-15 08:43:19 [info] [remote] network-interface change detected; probing SSH controllers
2026-05-15 08:53:58 [info] [remote] powerMonitor:unlock-screen; probing SSH controllers
2026-05-15 12:12:36 [info] [remote] network-interface change detected; probing SSH controllers
2026-05-15 12:12:39 [info] [remote] network-interface change detected; probing SSH controllers
2026-05-15 12:12:42 [info] [remote] network-interface change detected; probing SSH controllers
2026-05-15 13:10:23 [info] [remote] powerMonitor:unlock-screen; probing SSH controllers
2026-05-15 15:05:50 [info] [remote] powerMonitor:unlock-screen; probing SSH controllers
2026-05-15 16:15:06 [info] [remote] network-interface change detected; probing SSH controllers
2026-05-15 16:54:54 [info] [remote] powerMonitor:unlock-screen; probing SSH controllers
2026-05-15 17:05:14 [info] [remote] network-interface change detected; probing SSH controllers
2026-05-15 17:06:24 [info] [remote] powerMonitor:resume; probing SSH controllers
2026-05-15 17:06:26 [info] [remote] network-interface change detected; probing SSH controllers
2026-05-15 17:06:31 [info] [remote] powerMonitor:unlock-screen; probing SSH controllers
2026-05-15 17:11:47 [info] [remote] network-interface change detected; probing SSH controllers
2026-05-15 17:18:58 [info] [remote] network-interface change detected; probing SSH controllers
2026-05-15 17:31:02 [info] [remote] network-interface change detected; probing SSH controllers
2026-05-15 17:31:05 [info] [remote] network-interface change detected; probing SSH controllers
2026-05-15 21:28:35 [info] [remote] powerMonitor:resume; probing SSH controllers
2026-05-15 21:28:36 [info] [remote] powerMonitor:unlock-screen; probing SSH controllers
2026-05-15 21:28:37 [info] [remote] network-interface change detected; probing SSH controllers
2026-05-15 22:17:15 [info] [remote] network-interface change detected; probing SSH controllers
2026-05-16 07:47:48 [info] [remote] powerMonitor:resume; probing SSH controllers
2026-05-16 07:47:50 [info] [remote] powerMonitor:unlock-screen; probing SSH controllers
2026-05-16 07:47:51 [info] [remote] network-interface change detected; probing SSH controllers
2026-05-16 07:48:45 [info] [remote] network-interface change detected; probing SSH controllers
2026-05-16 09:10:12 [info] [remote] powerMonitor:resume; probing SSH controllers
2026-05-16 09:10:15 [info] [remote] powerMonitor:unlock-screen; probing SSH controllers
2026-05-16 09:10:15 [info] [remote] network-interface change detected; probing SSH controllers
2026-05-16 11:34:28 [info] [remote] network-interface change detected; probing SSH controllers
2026-05-16 12:06:20 [info] [remote] powerMonitor:resume; probing SSH controllers
2026-05-16 12:06:22 [info] [remote] powerMonitor:unlock-screen; probing SSH controllers
2026-05-16 12:06:23 [info] [remote] network-interface change detected; probing SSH controllers
2026-05-16 12:48:30 [info] [remote] network-interface change detected; probing SSH controllers
2026-05-16 16:19:50 [info] [remote] powerMonitor:resume; probing SSH controllers
2026-05-16 16:19:53 [info] [remote] network-interface change detected; probing SSH controllers
2026-05-16 16:20:29 [info] [remote] network-interface change detected; probing SSH controllers
2026-05-16 16:21:17 [info] [remote] network-interface change detected; probing SSH controllers
2026-05-16 16:28:40 [info] [remote] powerMonitor:resume; probing SSH controllers
2026-05-16 16:28:41 [info] [remote] powerMonitor:unlock-screen; probing SSH controllers
2026-05-16 16:28:43 [info] [remote] network-interface change detected; probing SSH controllers
2026-05-16 17:34:09 [info] [remote] network-interface change detected; probing SSH controllers
2026-05-16 18:46:08 [info] [remote] network-interface change detected; probing SSH controllers
2026-05-16 19:03:15 [info] [remote] network-interface change detected; probing SSH controllers
2026-05-16 19:12:06 [info] [remote] network-interface change detected; probing SSH controllers
2026-05-16 19:29:43 [info] [remote] network-interface change detected; probing SSH controllers
2026-05-16 19:40:05 [info] [remote] powerMonitor:unlock-screen; probing SSH controllers
2026-05-17 00:22:03 [info] [remote] network-interface change detected; probing SSH controllers
2026-05-17 10:32:01 [info] [remote] powerMonitor:resume; probing SSH controllers
2026-05-17 10:32:04 [info] [remote] network-interface change detected; probing SSH controllers
2026-05-17 10:32:07 [info] [remote] network-interface change detected; probing SSH controllers
2026-05-17 10:32:57 [info] [remote] powerMonitor:unlock-screen; probing SSH controllers
2026-05-17 11:44:00 [info] [remote] network-interface change detected; probing SSH controllers
2026-05-17 13:22:27 [info] [remote] powerMonitor:resume; probing SSH controllers
2026-05-17 15:44:45 [info] [remote] powerMonitor:resume; probing SSH controllers
2026-05-17 15:44:47 [info] [remote] powerMonitor:unlock-screen; probing SSH controllers
2026-05-17 15:44:48 [info] [remote] network-interface change detected; probing SSH controllers
2026-05-17 16:32:16 [info] [remote] network-interface change detected; probing SSH controllers
2026-05-17 16:32:50 [info] [remote] powerMonitor:resume; probing SSH controllers
2026-05-17 16:32:52 [info] [remote] network-interface change detected; probing SSH controllers
2026-05-17 16:32:55 [info] [remote] network-interface change detected; probing SSH controllers
2026-05-17 17:24:49 [info] [remote] powerMonitor:resume; probing SSH controllers
2026-05-17 17:24:51 [info] [remote] network-interface change detected; probing SSH controllers
2026-05-17 17:25:00 [info] [remote] network-interface change detected; probing SSH controllers
2026-05-17 18:00:05 [info] [remote] powerMonitor:resume; probing SSH controllers
2026-05-17 18:00:08 [info] [remote] network-interface change detected; probing SSH controllers
2026-05-17 18:00:11 [info] [remote] powerMonitor:unlock-screen; probing SSH controllers
2026-05-17 19:12:19 [info] [remote] network-interface change detected; probing SSH controllers
2026-05-17 20:15:46 [info] [remote] network-interface change detected; probing SSH controllers
2026-05-17 20:42:00 [info] [remote] powerMonitor:unlock-screen; probing SSH controllers
2026-05-17 21:33:33 [info] [remote] network-interface change detected; probing SSH controllers
2026-05-17 21:43:46 [info] [remote] powerMonitor:unlock-screen; probing SSH controllers
2026-05-17 22:29:04 [info] [remote] network-interface change detected; probing SSH controllers
2026-05-18 07:14:48 [info] [remote] network-interface change detected; probing SSH controllers
2026-05-18 07:29:47 [info] [remote] network-interface change detected; probing SSH controllers
2026-05-18 07:29:50 [info] [remote] network-interface change detected; probing SSH controllers
2026-05-18 08:05:27 [info] [remote] powerMonitor:resume; probing SSH controllers
2026-05-18 08:05:27 [info] [remote] network-interface change detected; probing SSH controllers
2026-05-18 08:05:33 [info] [remote] network-interface change detected; probing SSH controllers
2026-05-18 08:05:34 [info] [remote] powerMonitor:unlock-screen; probing SSH controllers
2026-05-18 09:48:08 [info] [remote] network-interface change detected; probing SSH controllers
2026-05-18 09:48:11 [info] [remote] network-interface change detected; probing SSH controllers
2026-05-18 09:48:14 [info] [remote] network-interface change detected; probing SSH controllers
2026-05-18 09:49:56 [info] [remote] network-interface change detected; probing SSH controllers
2026-05-18 09:50:23 [info] [remote] network-interface change detected; probing SSH controllers
2026-05-18 09:50:26 [info] [remote] network-interface change detected; probing SSH controllers
2026-05-18 09:50:29 [info] [remote] network-interface change detected; probing SSH controllers
2026-05-18 10:02:38 [info] [remote] network-interface change detected; probing SSH controllers
2026-05-18 12:24:51 [info] [remote] network-interface change detected; probing SSH controllers
2026-05-18 12:38:10 [info] [remote] powerMonitor:unlock-screen; probing SSH controllers
2026-05-18 12:58:28 [info] [remote] network-interface change detected; probing SSH controllers
2026-05-18 13:03:52 [info] [remote] network-interface change detected; probing SSH controllers
2026-05-18 13:08:01 [info] [remote] network-interface change detected; probing SSH controllers
2026-05-18 13:16:41 [info] [remote] network-interface change detected; probing SSH controllers
2026-05-18 13:17:36 [info] [remote] powerMonitor:unlock-screen; probing SSH controllers
2026-05-18 17:16:46 [info] [remote] network-interface change detected; probing SSH controllers
2026-05-18 17:24:15 [info] [remote] network-interface change detected; probing SSH controllers
2026-05-18 18:55:02 [info] [remote] network-interface change detected; probing SSH controllers
2026-05-18 18:55:05 [info] [remote] network-interface change detected; probing SSH controllers
2026-05-18 20:07:46 [info] [remote] powerMonitor:resume; probing SSH controllers
2026-05-18 20:07:49 [info] [remote] network-interface change detected; probing SSH controllers
2026-05-18 20:07:50 [info] [remote] powerMonitor:unlock-screen; probing SSH controllers
2026-05-18 20:21:50 [info] [remote] network-interface change detected; probing SSH controllers
2026-05-18 20:25:15 [info] [remote] powerMonitor:resume; probing SSH controllers
2026-05-18 20:25:17 [info] [remote] powerMonitor:unlock-screen; probing SSH controllers
2026-05-18 20:25:18 [info] [remote] network-interface change detected; probing SSH controllers
2026-05-19 02:08:47 [info] [remote] network-interface change detected; probing SSH controllers
2026-05-19 07:11:52 [info] [remote] network-interface change detected; probing SSH controllers
2026-05-19 07:33:04 [info] [remote] network-interface change detected; probing SSH controllers
2026-05-19 08:04:07 [info] [remote] powerMonitor:resume; probing SSH controllers
2026-05-19 08:04:10 [info] [remote] powerMonitor:unlock-screen; probing SSH controllers
2026-05-19 08:04:10 [info] [remote] network-interface change detected; probing SSH controllers
2026-05-19 11:55:27 [info] [remote] network-interface change detected; probing SSH controllers
2026-05-19 12:17:03 [info] [remote] powerMonitor:resume; probing SSH controllers
2026-05-19 12:17:03 [info] [remote] network-interface change detected; probing SSH controllers
2026-05-19 12:17:15 [info] [remote] network-interface change detected; probing SSH controllers
2026-05-19 13:40:32 [info] [remote] powerMonitor:resume; probing SSH controllers
2026-05-19 13:40:33 [info] [remote] network-interface change detected; probing SSH controllers
2026-05-19 13:40:35 [info] [remote] powerMonitor:unlock-screen; probing SSH controllers
2026-05-19 13:41:07 [info] [remote] network-interface change detected; probing SSH controllers
2026-05-19 13:42:00 [info] [remote] powerMonitor:resume; probing SSH controllers
2026-05-19 13:42:02 [info] [remote] powerMonitor:unlock-screen; probing SSH controllers
2026-05-19 13:42:03 [info] [remote] network-interface change detected; probing SSH controllers
2026-05-19 13:42:21 [info] [remote] network-interface change detected; probing SSH controllers
2026-05-19 13:42:24 [info] [remote] network-interface change detected; probing SSH controllers
2026-05-19 13:42:27 [info] [remote] network-interface change detected; probing SSH controllers
2026-05-19 14:03:43 [info] [remote] network-interface change detected; probing SSH controllers
2026-05-19 14:04:01 [info] [remote] network-interface change detected; probing SSH controllers
2026-05-19 15:04:05 [info] [remote] network-interface change detected; probing SSH controllers
2026-05-19 15:07:02 [info] [remote] network-interface change detected; probing SSH controllers
2026-05-19 15:26:21 [info] [remote] powerMonitor:unlock-screen; probing SSH controllers
2026-05-19 15:40:12 [info] [remote] network-interface change detected; probing SSH controllers
2026-05-19 15:40:15 [info] [remote] network-interface change detected; probing SSH controllers
2026-05-19 15:40:30 [info] [remote] network-interface change detected; probing SSH controllers
2026-05-19 16:34:28 [info] [remote] network-interface change detected; probing SSH controllers
2026-05-19 16:41:25 [info] [remote] network-interface change detected; probing SSH controllers
2026-05-19 17:11:23 [info] [remote] network-interface change detected; probing SSH controllers
2026-05-19 17:11:29 [info] [remote] network-interface change detected; probing SSH controllers
2026-05-19 17:17:55 [info] [remote] network-interface change detected; probing SSH controllers
2026-05-19 17:57:58 [info] [remote] powerMonitor:resume; probing SSH controllers
2026-05-19 17:58:01 [info] [remote] network-interface change detected; probing SSH controllers
2026-05-19 17:58:13 [info] [remote] powerMonitor:unlock-screen; probing SSH controllers
2026-05-19 17:58:40 [info] [remote] network-interface change detected; probing SSH controllers
2026-05-19 17:58:43 [info] [remote] network-interface change detected; probing SSH controllers
2026-05-19 20:42:43 [info] [remote] network-interface change detected; probing SSH controllers
2026-05-19 20:47:38 [info] [remote] network-interface change detected; probing SSH controllers
2026-05-19 20:56:40 [info] [remote] network-interface change detected; probing SSH controllers
2026-05-19 20:56:43 [info] [remote] network-interface change detected; probing SSH controllers
2026-05-19 23:21:16 [info] [ClaudeSSHManager] Initialized with version <blob>
2026-05-20 00:46:20 [info] [remote] network-interface change detected; probing SSH controllers
2026-05-20 00:46:23 [info] [remote] network-interface change detected; probing SSH controllers
2026-05-20 07:39:45 [info] [remote] network-interface change detected; probing SSH controllers
2026-05-20 07:52:19 [info] [remote] network-interface change detected; probing SSH controllers
2026-05-20 07:52:22 [info] [remote] network-interface change detected; probing SSH controllers
2026-05-20 07:53:53 [info] [remote] powerMonitor:resume; probing SSH controllers
2026-05-20 07:53:56 [info] [remote] network-interface change detected; probing SSH controllers
2026-05-20 07:53:56 [info] [remote] powerMonitor:unlock-screen; probing SSH controllers
2026-05-20 08:20:56 [info] [remote] network-interface change detected; probing SSH controllers
2026-05-20 08:26:17 [info] [remote] powerMonitor:resume; probing SSH controllers
2026-05-20 08:26:17 [info] [remote] network-interface change detected; probing SSH controllers
2026-05-20 08:26:19 [info] [remote] powerMonitor:unlock-screen; probing SSH controllers
2026-05-20 08:56:33 [info] [remote] network-interface change detected; probing SSH controllers
2026-05-20 08:56:36 [info] [remote] network-interface change detected; probing SSH controllers
2026-05-20 08:56:39 [info] [remote] network-interface change detected; probing SSH controllers
2026-05-20 09:16:34 [info] [ClaudeSSHManager] Initialized with version <blob>
2026-05-20 09:45:11 [info] [remote] network-interface change detected; probing SSH controllers
2026-05-20 09:45:14 [info] [remote] network-interface change detected; probing SSH controllers
2026-05-20 09:45:32 [info] [remote] network-interface change detected; probing SSH controllers
2026-05-20 11:21:35 [info] [remote] network-interface change detected; probing SSH controllers
2026-05-20 13:28:21 [info] [remote] powerMonitor:unlock-screen; probing SSH controllers
2026-05-20 13:34:36 [info] [remote] network-interface change detected; probing SSH controllers
2026-05-20 15:34:33 [info] [remote] powerMonitor:unlock-screen; probing SSH controllers
2026-05-20 16:12:50 [info] [remote] powerMonitor:resume; probing SSH controllers
2026-05-20 16:14:03 [info] [remote] network-interface change detected; probing SSH controllers
2026-05-20 16:45:42 [info] [remote] powerMonitor:resume; probing SSH controllers
2026-05-20 16:45:45 [info] [remote] network-interface change detected; probing SSH controllers
2026-05-20 16:45:53 [info] [remote] powerMonitor:unlock-screen; probing SSH controllers
2026-05-20 17:07:37 [info] [remote] network-interface change detected; probing SSH controllers
2026-05-20 17:40:22 [info] [remote] network-interface change detected; probing SSH controllers
2026-05-20 17:56:14 [info] [remote] network-interface change detected; probing SSH controllers
2026-05-20 17:56:20 [info] [remote] network-interface change detected; probing SSH controllers
2026-05-20 19:46:25 [info] [remote] powerMonitor:resume; probing SSH controllers
2026-05-20 19:46:27 [info] [remote] powerMonitor:unlock-screen; probing SSH controllers
2026-05-20 19:46:28 [info] [remote] network-interface change detected; probing SSH controllers
2026-05-20 22:47:58 [info] [remote] powerMonitor:unlock-screen; probing SSH controllers
2026-05-20 22:48:43 [info] [remote] network-interface change detected; probing SSH controllers
2026-05-21 05:00:29 [info] [remote] powerMonitor:resume; probing SSH controllers
2026-05-21 05:00:31 [info] [remote] powerMonitor:unlock-screen; probing SSH controllers
2026-05-21 05:00:32 [info] [remote] network-interface change detected; probing SSH controllers
2026-05-21 05:07:53 [info] [remote] network-interface change detected; probing SSH controllers
2026-05-21 06:36:42 [info] [remote] powerMonitor:resume; probing SSH controllers
2026-05-21 06:36:45 [info] [remote] powerMonitor:unlock-screen; probing SSH controllers
2026-05-21 06:36:45 [info] [remote] network-interface change detected; probing SSH controllers
2026-05-21 07:18:46 [info] [remote] network-interface change detected; probing SSH controllers
2026-05-21 07:26:20 [info] [remote] network-interface change detected; probing SSH controllers
2026-05-21 07:40:21 [info] [remote] network-interface change detected; probing SSH controllers
2026-05-21 08:05:48 [info] [remote] powerMonitor:resume; probing SSH controllers
2026-05-21 08:05:50 [info] [remote] powerMonitor:unlock-screen; probing SSH controllers
2026-05-21 08:05:51 [info] [remote] network-interface change detected; probing SSH controllers
2026-05-21 11:36:59 [info] [remote] powerMonitor:unlock-screen; probing SSH controllers
2026-05-21 11:41:46 [info] [remote] network-interface change detected; probing SSH controllers
2026-05-21 11:41:49 [info] [remote] network-interface change detected; probing SSH controllers
2026-05-21 12:36:51 [info] [remote] powerMonitor:unlock-screen; probing SSH controllers
2026-05-21 12:43:09 [info] [remote] powerMonitor:resume; probing SSH controllers
2026-05-21 12:44:18 [info] [remote] network-interface change detected; probing SSH controllers
2026-05-21 12:46:56 [info] [remote] powerMonitor:resume; probing SSH controllers
2026-05-21 12:48:25 [info] [remote] network-interface change detected; probing SSH controllers
2026-05-21 12:48:28 [info] [remote] network-interface change detected; probing SSH controllers
2026-05-21 13:04:57 [info] [remote] powerMonitor:resume; probing SSH controllers
2026-05-21 13:05:00 [info] [remote] powerMonitor:unlock-screen; probing SSH controllers
2026-05-21 13:05:00 [info] [remote] network-interface change detected; probing SSH controllers
2026-05-21 14:15:03 [info] [remote] network-interface change detected; probing SSH controllers
2026-05-21 16:09:41 [info] [remote] network-interface change detected; probing SSH controllers
2026-05-21 16:09:44 [info] [remote] network-interface change detected; probing SSH controllers
2026-05-21 16:10:02 [info] [remote] network-interface change detected; probing SSH controllers
2026-05-21 16:10:15 [info] [remote] network-interface change detected; probing SSH controllers
2026-05-21 16:10:18 [info] [remote] network-interface change detected; probing SSH controllers
2026-05-21 16:10:36 [info] [remote] network-interface change detected; probing SSH controllers
2026-05-21 16:11:09 [info] [remote] network-interface change detected; probing SSH controllers
2026-05-21 16:11:12 [info] [remote] network-interface change detected; probing SSH controllers
2026-05-21 16:11:30 [info] [remote] network-interface change detected; probing SSH controllers
2026-05-21 16:12:04 [info] [remote] network-interface change detected; probing SSH controllers
2026-05-21 16:12:07 [info] [remote] network-interface change detected; probing SSH controllers
2026-05-21 16:12:22 [info] [remote] network-interface change detected; probing SSH controllers
2026-05-21 16:12:58 [info] [remote] network-interface change detected; probing SSH controllers
2026-05-21 16:13:01 [info] [remote] network-interface change detected; probing SSH controllers
2026-05-21 16:13:19 [info] [remote] network-interface change detected; probing SSH controllers
2026-05-21 16:15:08 [info] [remote] network-interface change detected; probing SSH controllers
2026-05-21 16:15:11 [info] [remote] network-interface change detected; probing SSH controllers
2026-05-21 16:15:29 [info] [remote] network-interface change detected; probing SSH controllers
2026-05-21 16:30:14 [info] [remote] network-interface change detected; probing SSH controllers
2026-05-21 17:27:08 [info] [remote] network-interface change detected; probing SSH controllers
2026-05-21 17:35:20 [info] [remote] network-interface change detected; probing SSH controllers
2026-05-21 17:35:38 [info] [remote] network-interface change detected; probing SSH controllers
2026-05-21 17:52:17 [info] [remote] network-interface change detected; probing SSH controllers
2026-05-21 17:52:20 [info] [remote] network-interface change detected; probing SSH controllers
2026-05-21 17:52:50 [info] [remote] network-interface change detected; probing SSH controllers
2026-05-21 20:17:23 [info] [remote] network-interface change detected; probing SSH controllers
2026-05-21 20:17:29 [info] [remote] network-interface change detected; probing SSH controllers
2026-05-21 20:47:20 [info] [remote] powerMonitor:resume; probing SSH controllers
2026-05-21 20:47:23 [info] [remote] network-interface change detected; probing SSH controllers
2026-05-21 20:47:23 [info] [remote] powerMonitor:unlock-screen; probing SSH controllers
2026-05-21 20:50:59 [info] [remote] network-interface change detected; probing SSH controllers
2026-05-21 21:08:31 [info] [remote] powerMonitor:resume; probing SSH controllers
2026-05-21 21:08:33 [info] [remote] powerMonitor:unlock-screen; probing SSH controllers
2026-05-21 21:08:34 [info] [remote] network-interface change detected; probing SSH controllers
2026-05-22 00:24:02 [info] [remote] powerMonitor:resume; probing SSH controllers
2026-05-22 00:24:06 [info] [remote] network-interface change detected; probing SSH controllers
2026-05-22 07:38:54 [info] [remote] network-interface change detected; probing SSH controllers
2026-05-22 08:02:09 [info] [remote] network-interface change detected; probing SSH controllers
2026-05-22 12:51:53 [info] [remote] powerMonitor:resume; probing SSH controllers
2026-05-22 12:51:55 [info] [remote] powerMonitor:unlock-screen; probing SSH controllers
2026-05-22 12:51:56 [info] [remote] network-interface change detected; probing SSH controllers
2026-05-22 13:04:14 [info] [remote] network-interface change detected; probing SSH controllers
2026-05-22 17:06:13 [info] [remote] network-interface change detected; probing SSH controllers
2026-05-22 17:15:44 [info] [remote] network-interface change detected; probing SSH controllers
2026-05-22 17:15:50 [info] [remote] network-interface change detected; probing SSH controllers
2026-05-22 17:18:56 [info] [remote] powerMonitor:resume; probing SSH controllers
2026-05-22 17:18:58 [info] [remote] powerMonitor:unlock-screen; probing SSH controllers
2026-05-22 17:18:59 [info] [remote] network-interface change detected; probing SSH controllers
2026-05-22 17:44:30 [info] [remote] powerMonitor:unlock-screen; probing SSH controllers
2026-05-22 18:07:18 [info] [remote] powerMonitor:unlock-screen; probing SSH controllers
2026-05-22 18:57:00 [info] [remote] powerMonitor:unlock-screen; probing SSH controllers
2026-05-22 21:21:20 [info] [remote] powerMonitor:unlock-screen; probing SSH controllers
2026-05-22 21:50:19 [info] [remote] powerMonitor:unlock-screen; probing SSH controllers
2026-05-22 22:32:50 [info] [remote] powerMonitor:unlock-screen; probing SSH controllers
2026-05-22 22:43:00 [info] [remote] network-interface change detected; probing SSH controllers
2026-05-23 09:55:16 [info] [remote] powerMonitor:resume; probing SSH controllers
2026-05-23 09:55:18 [info] [remote] powerMonitor:unlock-screen; probing SSH controllers
2026-05-23 09:55:19 [info] [remote] network-interface change detected; probing SSH controllers
2026-05-23 11:16:34 [info] [remote] network-interface change detected; probing SSH controllers
2026-05-23 13:31:45 [info] [remote] powerMonitor:resume; probing SSH controllers
2026-05-23 13:31:46 [info] [remote] powerMonitor:unlock-screen; probing SSH controllers
2026-05-23 13:31:48 [info] [remote] network-interface change detected; probing SSH controllers
2026-05-23 13:33:39 [info] [remote] network-interface change detected; probing SSH controllers
2026-05-23 15:23:01 [info] [remote] powerMonitor:resume; probing SSH controllers
2026-05-23 15:23:03 [info] [remote] powerMonitor:unlock-screen; probing SSH controllers
2026-05-23 15:23:04 [info] [remote] network-interface change detected; probing SSH controllers
2026-05-23 16:07:18 [info] [remote] network-interface change detected; probing SSH controllers
2026-05-23 20:45:02 [info] [remote] powerMonitor:resume; probing SSH controllers
2026-05-23 20:45:05 [info] [remote] powerMonitor:unlock-screen; probing SSH controllers
2026-05-23 20:45:05 [info] [remote] network-interface change detected; probing SSH controllers
2026-05-24 01:44:53 [info] [remote] network-interface change detected; probing SSH controllers
2026-05-24 10:23:34 [info] [remote] powerMonitor:resume; probing SSH controllers
2026-05-24 10:23:37 [info] [remote] network-interface change detected; probing SSH controllers
2026-05-24 10:23:38 [info] [remote] powerMonitor:unlock-screen; probing SSH controllers
2026-05-24 11:09:38 [info] [remote] network-interface change detected; probing SSH controllers
2026-05-24 11:11:57 [info] [remote] powerMonitor:unlock-screen; probing SSH controllers
2026-05-24 12:12:01 [info] [remote] network-interface change detected; probing SSH controllers
2026-05-24 12:36:41 [info] [remote] network-interface change detected; probing SSH controllers
2026-05-24 13:22:39 [info] [remote] powerMonitor:unlock-screen; probing SSH controllers
2026-05-24 15:56:35 [info] [remote] network-interface change detected; probing SSH controllers
2026-05-25 07:36:45 [info] [remote] network-interface change detected; probing SSH controllers
2026-05-25 07:52:28 [info] [remote] network-interface change detected; probing SSH controllers
2026-05-25 08:07:46 [info] [remote] network-interface change detected; probing SSH controllers
2026-05-25 08:23:38 [info] [remote] powerMonitor:resume; probing SSH controllers
2026-05-25 08:23:40 [info] [remote] powerMonitor:unlock-screen; probing SSH controllers
2026-05-25 08:23:41 [info] [remote] network-interface change detected; probing SSH controllers
2026-05-25 08:55:45 [info] [remote] network-interface change detected; probing SSH controllers
2026-05-25 08:58:33 [info] [remote] powerMonitor:resume; probing SSH controllers
2026-05-25 08:58:36 [info] [remote] network-interface change detected; probing SSH controllers
2026-05-25 08:59:27 [info] [remote] powerMonitor:unlock-screen; probing SSH controllers
2026-05-25 09:37:25 [info] [remote] network-interface change detected; probing SSH controllers
2026-05-25 09:39:07 [info] [remote] powerMonitor:resume; probing SSH controllers
2026-05-25 09:39:10 [info] [remote] network-interface change detected; probing SSH controllers
2026-05-25 09:40:22 [info] [remote] network-interface change detected; probing SSH controllers
2026-05-25 09:45:29 [info] [remote] powerMonitor:resume; probing SSH controllers
2026-05-25 09:45:30 [info] [remote] powerMonitor:unlock-screen; probing SSH controllers
2026-05-25 09:45:32 [info] [remote] network-interface change detected; probing SSH controllers
2026-05-25 10:53:07 [info] [remote] powerMonitor:resume; probing SSH controllers
2026-05-25 10:54:40 [info] [remote] network-interface change detected; probing SSH controllers
2026-05-25 11:17:46 [info] [remote] powerMonitor:resume; probing SSH controllers
2026-05-25 11:17:47 [info] [remote] powerMonitor:unlock-screen; probing SSH controllers
2026-05-25 11:17:49 [info] [remote] network-interface change detected; probing SSH controllers
2026-05-25 12:07:32 [info] [remote] network-interface change detected; probing SSH controllers
2026-05-25 13:52:34 [info] [remote] powerMonitor:resume; probing SSH controllers
2026-05-25 13:52:37 [info] [remote] network-interface change detected; probing SSH controllers
2026-05-25 13:52:37 [info] [remote] powerMonitor:unlock-screen; probing SSH controllers
2026-05-25 14:26:56 [info] [remote] network-interface change detected; probing SSH controllers
2026-05-25 14:29:11 [info] [remote] powerMonitor:resume; probing SSH controllers
2026-05-25 14:29:13 [info] [remote] powerMonitor:unlock-screen; probing SSH controllers
2026-05-25 14:29:14 [info] [remote] network-interface change detected; probing SSH controllers
2026-05-25 16:01:31 [info] [remote] network-interface change detected; probing SSH controllers
2026-05-25 16:56:45 [info] [remote] network-interface change detected; probing SSH controllers
2026-05-25 17:13:22 [info] [remote] network-interface change detected; probing SSH controllers
2026-05-25 17:28:35 [info] [remote] network-interface change detected; probing SSH controllers
2026-05-25 17:28:41 [info] [remote] network-interface change detected; probing SSH controllers
2026-05-25 17:43:34 [info] [remote] network-interface change detected; probing SSH controllers
2026-05-25 21:11:13 [info] [remote] powerMonitor:resume; probing SSH controllers
2026-05-25 21:11:15 [info] [remote] powerMonitor:unlock-screen; probing SSH controllers
2026-05-25 21:11:16 [info] [remote] network-interface change detected; probing SSH controllers
2026-05-25 21:11:58 [info] [remote] network-interface change detected; probing SSH controllers
2026-05-25 21:12:01 [info] [remote] network-interface change detected; probing SSH controllers
2026-05-25 21:12:07 [info] [remote] network-interface change detected; probing SSH controllers
2026-05-25 21:43:02 [info] [remote] network-interface change detected; probing SSH controllers
2026-05-25 21:58:11 [info] [remote] powerMonitor:unlock-screen; probing SSH controllers
2026-05-26 00:22:54 [info] [remote] network-interface change detected; probing SSH controllers
2026-05-26 00:23:39 [info] [remote] network-interface change detected; probing SSH controllers
2026-05-26 00:24:35 [info] [remote] network-interface change detected; probing SSH controllers
2026-05-26 00:24:41 [info] [remote] network-interface change detected; probing SSH controllers
2026-05-26 00:24:44 [info] [remote] network-interface change detected; probing SSH controllers
2026-05-26 06:00:24 [info] [remote] network-interface change detected; probing SSH controllers
2026-05-26 06:16:32 [info] [remote] network-interface change detected; probing SSH controllers
2026-05-26 06:27:13 [info] [remote] network-interface change detected; probing SSH controllers
2026-05-26 07:32:48 [info] [remote] network-interface change detected; probing SSH controllers
2026-05-26 07:33:47 [info] [remote] network-interface change detected; probing SSH controllers
2026-05-26 07:35:08 [info] [remote] network-interface change detected; probing SSH controllers
2026-05-26 07:52:01 [info] [remote] network-interface change detected; probing SSH controllers
2026-05-26 08:39:03 [info] [remote] powerMonitor:resume; probing SSH controllers
2026-05-26 08:39:05 [info] [remote] powerMonitor:unlock-screen; probing SSH controllers
2026-05-26 08:39:07 [info] [remote] network-interface change detected; probing SSH controllers
2026-05-26 08:41:10 [info] [remote] network-interface change detected; probing SSH controllers
2026-05-26 08:41:13 [info] [remote] network-interface change detected; probing SSH controllers
2026-05-26 08:41:16 [info] [remote] network-interface change detected; probing SSH controllers
2026-05-26 09:05:07 [info] [remote] network-interface change detected; probing SSH controllers
2026-05-26 09:05:28 [info] [remote] network-interface change detected; probing SSH controllers
2026-05-26 09:08:30 [info] [remote] powerMonitor:resume; probing SSH controllers
2026-05-26 09:08:33 [info] [remote] network-interface change detected; probing SSH controllers
2026-05-26 09:08:36 [info] [remote] network-interface change detected; probing SSH controllers
2026-05-26 09:08:44 [info] [remote] powerMonitor:unlock-screen; probing SSH controllers
2026-05-26 11:08:30 [info] [remote] network-interface change detected; probing SSH controllers
2026-05-26 11:11:25 [info] [remote] powerMonitor:resume; probing SSH controllers
2026-05-26 11:11:28 [info] [remote] network-interface change detected; probing SSH controllers
2026-05-26 11:11:28 [info] [remote] powerMonitor:unlock-screen; probing SSH controllers
2026-05-26 11:34:49 [info] [remote] network-interface change detected; probing SSH controllers
2026-05-26 13:16:43 [info] [remote] powerMonitor:resume; probing SSH controllers
2026-05-26 13:16:45 [info] [remote] powerMonitor:unlock-screen; probing SSH controllers
2026-05-26 13:16:46 [info] [remote] network-interface change detected; probing SSH controllers
2026-05-26 13:17:01 [info] [remote] network-interface change detected; probing SSH controllers
2026-05-26 13:22:24 [info] [remote] powerMonitor:resume; probing SSH controllers
2026-05-26 13:22:27 [info] [remote] powerMonitor:unlock-screen; probing SSH controllers
2026-05-26 13:22:27 [info] [remote] network-interface change detected; probing SSH controllers
2026-05-26 16:06:10 [info] [remote] network-interface change detected; probing SSH controllers
2026-05-26 16:06:28 [info] [remote] network-interface change detected; probing SSH controllers
2026-05-26 16:07:19 [info] [remote] network-interface change detected; probing SSH controllers
2026-05-26 16:28:20 [info] [remote] network-interface change detected; probing SSH controllers
2026-05-26 17:11:26 [info] [remote] network-interface change detected; probing SSH controllers
2026-05-26 19:30:29 [info] [ClaudeSSHManager] Initialized with version <blob>
2026-05-26 19:46:04 [info] [remote] powerMonitor:unlock-screen; probing SSH controllers
2026-05-26 19:46:05 [info] [remote] network-interface change detected; probing SSH controllers
2026-05-26 19:46:11 [info] [remote] network-interface change detected; probing SSH controllers
2026-05-27 05:17:45 [info] [remote] network-interface change detected; probing SSH controllers
2026-05-27 05:17:50 [info] [remote] network-interface change detected; probing SSH controllers
2026-05-27 05:18:39 [info] [remote] powerMonitor:resume; probing SSH controllers
2026-05-27 05:18:41 [info] [remote] network-interface change detected; probing SSH controllers
2026-05-27 05:18:44 [info] [remote] network-interface change detected; probing SSH controllers
2026-05-29 04:32:40 [info] [remote] network-interface change detected; probing SSH controllers
2026-05-30 11:47:19 [info] [remote] powerMonitor:resume; probing SSH controllers
2026-05-30 11:47:19 [info] [remote] network-interface change detected; probing SSH controllers
2026-05-30 11:47:25 [info] [remote] network-interface change detected; probing SSH controllers
2026-05-30 18:23:42 [info] [remote] powerMonitor:resume; probing SSH controllers
2026-05-31 17:37:48 [info] [remote] network-interface change detected; probing SSH controllers
2026-05-31 20:40:44 [info] [remote] network-interface change detected; probing SSH controllers
2026-06-01 02:25:41 [info] [remote] network-interface change detected; probing SSH controllers
2026-06-01 09:10:03 [info] [remote] network-interface change detected; probing SSH controllers
2026-06-01 09:11:28 [info] [remote] network-interface change detected; probing SSH controllers
2026-06-01 20:10:05 [info] [remote] network-interface change detected; probing SSH controllers
2026-06-01 20:10:11 [info] [remote] network-interface change detected; probing SSH controllers
2026-06-02 07:29:28 [info] [remote] network-interface change detected; probing SSH controllers
2026-06-02 07:29:31 [info] [remote] network-interface change detected; probing SSH controllers
2026-06-02 07:29:34 [info] [remote] network-interface change detected; probing SSH controllers
2026-06-02 07:29:40 [info] [remote] network-interface change detected; probing SSH controllers
2026-06-02 07:31:30 [info] [remote] network-interface change detected; probing SSH controllers
2026-06-02 07:47:25 [info] [remote] network-interface change detected; probing SSH controllers
2026-06-02 07:47:28 [info] [remote] network-interface change detected; probing SSH controllers
2026-06-02 08:08:35 [info] [remote] powerMonitor:resume; probing SSH controllers
2026-06-02 08:08:38 [info] [remote] network-interface change detected; probing SSH controllers
2026-06-02 08:08:39 [info] [remote] powerMonitor:unlock-screen; probing SSH controllers
2026-06-02 08:08:50 [info] [remote] network-interface change detected; probing SSH controllers
2026-06-02 08:19:27 [info] [remote] network-interface change detected; probing SSH controllers
2026-06-02 08:40:31 [info] [remote] powerMonitor:unlock-screen; probing SSH controllers
2026-06-02 08:44:18 [info] [remote] network-interface change detected; probing SSH controllers
2026-06-02 08:46:32 [info] [remote] powerMonitor:resume; probing SSH controllers
2026-06-02 08:46:35 [info] [remote] network-interface change detected; probing SSH controllers
2026-06-02 08:46:40 [info] [remote] powerMonitor:unlock-screen; probing SSH controllers
2026-06-02 08:55:17 [info] [remote] network-interface change detected; probing SSH controllers
2026-06-02 08:55:50 [info] [remote] network-interface change detected; probing SSH controllers
2026-06-02 08:59:03 [info] [remote] network-interface change detected; probing SSH controllers
2026-06-02 08:59:06 [info] [remote] network-interface change detected; probing SSH controllers
2026-06-02 08:59:09 [info] [remote] network-interface change detected; probing SSH controllers
2026-06-02 12:23:06 [info] [remote] network-interface change detected; probing SSH controllers
2026-06-02 12:23:09 [info] [remote] powerMonitor:unlock-screen; probing SSH controllers
2026-06-02 13:00:19 [info] [remote] network-interface change detected; probing SSH controllers
2026-06-02 13:01:11 [info] [remote] powerMonitor:resume; probing SSH controllers
2026-06-02 13:01:13 [info] [remote] network-interface change detected; probing SSH controllers
2026-06-02 13:01:19 [info] [remote] powerMonitor:unlock-screen; probing SSH controllers
2026-06-02 13:40:08 [info] [remote] network-interface change detected; probing SSH controllers
2026-06-02 13:44:53 [info] [remote] network-interface change detected; probing SSH controllers
2026-06-02 14:21:57 [info] [remote] network-interface change detected; probing SSH controllers
2026-06-02 14:22:33 [info] [remote] network-interface change detected; probing SSH controllers
2026-06-02 15:03:19 [info] [remote] network-interface change detected; probing SSH controllers
2026-06-02 15:04:34 [info] [remote] powerMonitor:resume; probing SSH controllers
2026-06-02 15:04:37 [info] [remote] network-interface change detected; probing SSH controllers
2026-06-02 15:04:37 [info] [remote] powerMonitor:unlock-screen; probing SSH controllers
2026-06-02 15:04:40 [info] [remote] network-interface change detected; probing SSH controllers
2026-06-02 15:12:04 [info] [remote] network-interface change detected; probing SSH controllers
2026-06-02 16:01:44 [info] [remote] network-interface change detected; probing SSH controllers
2026-06-02 17:05:04 [info] [remote] network-interface change detected; probing SSH controllers
2026-06-02 17:17:43 [info] [remote] network-interface change detected; probing SSH controllers
2026-06-02 17:17:49 [info] [remote] network-interface change detected; probing SSH controllers
2026-06-02 17:50:26 [info] [remote] powerMonitor:resume; probing SSH controllers
2026-06-02 17:50:28 [info] [remote] powerMonitor:unlock-screen; probing SSH controllers
2026-06-02 17:50:29 [info] [remote] network-interface change detected; probing SSH controllers
2026-06-02 17:50:32 [info] [remote] network-interface change detected; probing SSH controllers
2026-06-02 17:50:38 [info] [remote] network-interface change detected; probing SSH controllers
2026-06-02 18:03:08 [info] [remote] network-interface change detected; probing SSH controllers
2026-06-02 18:18:53 [info] [remote] network-interface change detected; probing SSH controllers
2026-06-02 18:55:49 [info] [remote] network-interface change detected; probing SSH controllers
2026-06-02 18:58:21 [info] [remote] powerMonitor:unlock-screen; probing SSH controllers
2026-06-02 19:28:05 [info] [remote] network-interface change detected; probing SSH controllers
2026-06-02 20:02:09 [info] [remote] network-interface change detected; probing SSH controllers
2026-06-02 20:19:57 [info] [remote] network-interface change detected; probing SSH controllers
2026-06-02 20:35:19 [info] [remote] network-interface change detected; probing SSH controllers
2026-06-02 20:36:37 [info] [remote] network-interface change detected; probing SSH controllers
2026-06-02 20:36:40 [info] [remote] network-interface change detected; probing SSH controllers
2026-06-02 20:36:46 [info] [remote] network-interface change detected; probing SSH controllers
2026-06-02 20:36:52 [info] [remote] network-interface change detected; probing SSH controllers
2026-06-02 20:39:01 [info] [remote] network-interface change detected; probing SSH controllers
2026-06-02 21:02:13 [info] [remote] network-interface change detected; probing SSH controllers
2026-06-02 21:31:02 [info] [remote] network-interface change detected; probing SSH controllers
2026-06-02 21:57:30 [info] [remote] network-interface change detected; probing SSH controllers
2026-06-02 21:58:06 [info] [remote] network-interface change detected; probing SSH controllers
2026-06-02 22:22:15 [info] [remote] network-interface change detected; probing SSH controllers
2026-06-03 07:31:37 [info] [remote] network-interface change detected; probing SSH controllers
2026-06-03 07:42:55 [info] [remote] network-interface change detected; probing SSH controllers
2026-06-03 08:10:37 [info] [remote] powerMonitor:resume; probing SSH controllers
2026-06-03 08:10:40 [info] [remote] network-interface change detected; probing SSH controllers
2026-06-03 08:10:41 [info] [remote] powerMonitor:unlock-screen; probing SSH controllers
2026-06-03 08:10:43 [info] [remote] network-interface change detected; probing SSH controllers
2026-06-03 08:10:52 [info] [remote] network-interface change detected; probing SSH controllers
2026-06-03 08:11:10 [info] [remote] network-interface change detected; probing SSH controllers
2026-06-03 08:11:22 [info] [remote] network-interface change detected; probing SSH controllers
2026-06-03 08:11:28 [info] [remote] network-interface change detected; probing SSH controllers
2026-06-03 08:12:40 [info] [remote] network-interface change detected; probing SSH controllers
2026-06-03 08:33:53 [info] [remote] network-interface change detected; probing SSH controllers
2026-06-03 08:36:11 [info] [remote] network-interface change detected; probing SSH controllers
2026-06-03 08:36:29 [info] [remote] network-interface change detected; probing SSH controllers
2026-06-03 08:36:57 [info] [remote] powerMonitor:unlock-screen; probing SSH controllers
2026-06-03 08:40:29 [info] [remote] network-interface change detected; probing SSH controllers
2026-06-03 08:40:56 [info] [remote] network-interface change detected; probing SSH controllers
2026-06-03 08:54:38 [info] [remote] network-interface change detected; probing SSH controllers
2026-06-03 08:54:56 [info] [remote] network-interface change detected; probing SSH controllers
2026-06-03 09:42:39 [info] [remote] network-interface change detected; probing SSH controllers
2026-06-03 09:52:28 [info] [remote] network-interface change detected; probing SSH controllers
2026-06-03 09:52:40 [info] [remote] network-interface change detected; probing SSH controllers
2026-06-03 09:52:43 [info] [remote] network-interface change detected; probing SSH controllers
2026-06-03 09:52:46 [info] [remote] network-interface change detected; probing SSH controllers
2026-06-03 09:55:58 [info] [remote] network-interface change detected; probing SSH controllers
2026-06-03 10:19:25 [info] [remote] network-interface change detected; probing SSH controllers
2026-06-03 10:36:23 [info] [remote] network-interface change detected; probing SSH controllers
2026-06-03 10:41:00 [info] [remote] powerMonitor:resume; probing SSH controllers
2026-06-03 10:41:03 [info] [remote] network-interface change detected; probing SSH controllers
2026-06-03 10:41:06 [info] [remote] network-interface change detected; probing SSH controllers
2026-06-03 10:42:15 [info] [remote] network-interface change detected; probing SSH controllers
2026-06-03 10:55:49 [info] [remote] powerMonitor:resume; probing SSH controllers
2026-06-03 10:55:51 [info] [remote] powerMonitor:unlock-screen; probing SSH controllers
2026-06-03 10:55:52 [info] [remote] network-interface change detected; probing SSH controllers
2026-06-03 10:55:55 [info] [remote] network-interface change detected; probing SSH controllers
2026-06-03 10:58:16 [info] [remote] network-interface change detected; probing SSH controllers
2026-06-03 11:55:36 [info] [remote] network-interface change detected; probing SSH controllers
2026-06-03 12:50:22 [info] [remote] network-interface change detected; probing SSH controllers
2026-06-03 13:20:40 [info] [remote] powerMonitor:resume; probing SSH controllers
2026-06-03 13:20:43 [info] [remote] network-interface change detected; probing SSH controllers
2026-06-03 13:20:45 [info] [remote] powerMonitor:unlock-screen; probing SSH controllers
2026-06-03 13:20:49 [info] [remote] network-interface change detected; probing SSH controllers
2026-06-03 13:51:19 [info] [remote] network-interface change detected; probing SSH controllers
2026-06-03 14:00:41 [info] [remote] network-interface change detected; probing SSH controllers
2026-06-03 14:01:26 [info] [remote] network-interface change detected; probing SSH controllers
2026-06-03 14:16:20 [info] [remote] network-interface change detected; probing SSH controllers
2026-06-03 14:26:33 [info] [remote] powerMonitor:resume; probing SSH controllers
2026-06-03 14:26:36 [info] [remote] network-interface change detected; probing SSH controllers
2026-06-03 14:26:39 [info] [remote] powerMonitor:unlock-screen; probing SSH controllers
2026-06-03 14:26:39 [info] [remote] network-interface change detected; probing SSH controllers
2026-06-03 14:54:41 [info] [remote] powerMonitor:unlock-screen; probing SSH controllers
2026-06-03 15:01:40 [info] [remote] network-interface change detected; probing SSH controllers
2026-06-03 15:35:30 [info] [remote] powerMonitor:unlock-screen; probing SSH controllers
2026-06-03 15:55:12 [info] [remote] network-interface change detected; probing SSH controllers
2026-06-03 15:59:37 [info] [remote] powerMonitor:resume; probing SSH controllers
2026-06-03 15:59:40 [info] [remote] powerMonitor:unlock-screen; probing SSH controllers
2026-06-03 15:59:40 [info] [remote] network-interface change detected; probing SSH controllers
2026-06-03 15:59:46 [info] [remote] network-interface change detected; probing SSH controllers
2026-06-03 16:37:26 [info] [remote] network-interface change detected; probing SSH controllers
2026-06-03 17:21:44 [info] [remote] network-interface change detected; probing SSH controllers
2026-06-03 17:33:36 [info] [remote] network-interface change detected; probing SSH controllers
2026-06-03 17:33:39 [info] [remote] network-interface change detected; probing SSH controllers
2026-06-03 19:24:50 [info] [remote] powerMonitor:resume; probing SSH controllers
2026-06-03 19:24:51 [info] [remote] powerMonitor:unlock-screen; probing SSH controllers
2026-06-03 19:24:53 [info] [remote] network-interface change detected; probing SSH controllers
2026-06-03 19:24:56 [info] [remote] network-interface change detected; probing SSH controllers
2026-06-03 20:21:48 [info] [remote] network-interface change detected; probing SSH controllers
2026-06-03 20:42:40 [info] [remote] network-interface change detected; probing SSH controllers
2026-06-03 20:59:03 [info] [remote] powerMonitor:unlock-screen; probing SSH controllers
2026-06-03 21:12:32 [info] [remote] network-interface change detected; probing SSH controllers
2026-06-03 21:12:38 [info] [remote] network-interface change detected; probing SSH controllers
2026-06-03 21:48:15 [info] [remote] network-interface change detected; probing SSH controllers
2026-06-03 22:28:35 [info] [remote] network-interface change detected; probing SSH controllers
2026-06-03 22:29:50 [info] [remote] network-interface change detected; probing SSH controllers
2026-06-03 22:29:53 [info] [remote] network-interface change detected; probing SSH controllers
2026-06-03 22:29:59 [info] [remote] network-interface change detected; probing SSH controllers
2026-06-03 22:30:02 [info] [remote] network-interface change detected; probing SSH controllers
2026-06-04 07:41:20 [info] [remote] network-interface change detected; probing SSH controllers
2026-06-04 07:50:07 [info] [remote] network-interface change detected; probing SSH controllers
2026-06-04 08:13:22 [info] [remote] powerMonitor:resume; probing SSH controllers
2026-06-04 08:13:22 [info] [remote] network-interface change detected; probing SSH controllers
2026-06-04 08:13:28 [info] [remote] network-interface change detected; probing SSH controllers
2026-06-04 08:13:59 [info] [remote] powerMonitor:unlock-screen; probing SSH controllers
2026-06-04 08:14:28 [info] [remote] network-interface change detected; probing SSH controllers
2026-06-04 08:14:37 [info] [remote] network-interface change detected; probing SSH controllers
2026-06-04 08:16:07 [info] [remote] network-interface change detected; probing SSH controllers
2026-06-04 08:24:28 [info] [remote] network-interface change detected; probing SSH controllers
2026-06-04 08:28:43 [info] [remote] powerMonitor:resume; probing SSH controllers
2026-06-04 08:28:45 [info] [remote] network-interface change detected; probing SSH controllers
2026-06-04 08:28:48 [info] [remote] network-interface change detected; probing SSH controllers
2026-06-04 08:29:12 [info] [remote] powerMonitor:resume; probing SSH controllers
2026-06-04 08:29:12 [info] [remote] network-interface change detected; probing SSH controllers
2026-06-04 08:29:15 [info] [remote] powerMonitor:unlock-screen; probing SSH controllers
2026-06-04 08:29:18 [info] [remote] network-interface change detected; probing SSH controllers
2026-06-04 08:39:43 [info] [remote] network-interface change detected; probing SSH controllers
2026-06-04 09:21:02 [info] [remote] network-interface change detected; probing SSH controllers
2026-06-04 09:24:26 [info] [remote] network-interface change detected; probing SSH controllers
2026-06-04 09:42:17 [info] [remote] network-interface change detected; probing SSH controllers
2026-06-04 10:12:03 [info] [remote] network-interface change detected; probing SSH controllers
2026-06-04 10:34:12 [info] [remote] network-interface change detected; probing SSH controllers
2026-06-04 10:50:16 [info] [remote] network-interface change detected; probing SSH controllers
2026-06-04 12:03:29 [info] [remote] network-interface change detected; probing SSH controllers
2026-06-04 13:23:38 [info] [remote] powerMonitor:resume; probing SSH controllers
2026-06-04 13:23:40 [info] [remote] powerMonitor:unlock-screen; probing SSH controllers
2026-06-04 13:23:41 [info] [remote] network-interface change detected; probing SSH controllers
2026-06-04 13:23:47 [info] [remote] network-interface change detected; probing SSH controllers
2026-06-04 13:36:41 [info] [remote] network-interface change detected; probing SSH controllers
2026-06-04 14:58:55 [info] [remote] network-interface change detected; probing SSH controllers
2026-06-04 14:59:31 [info] [remote] network-interface change detected; probing SSH controllers
2026-06-04 15:56:29 [info] [remote] powerMonitor:unlock-screen; probing SSH controllers
2026-06-04 16:24:53 [info] [remote] powerMonitor:unlock-screen; probing SSH controllers
2026-06-04 16:35:46 [info] [remote] network-interface change detected; probing SSH controllers
2026-06-04 17:03:01 [info] [remote] powerMonitor:unlock-screen; probing SSH controllers
2026-06-04 17:03:08 [info] [remote] network-interface change detected; probing SSH controllers
2026-06-04 17:16:00 [info] [remote] network-interface change detected; probing SSH controllers
2026-06-04 17:26:57 [info] [remote] network-interface change detected; probing SSH controllers
2026-06-04 17:47:21 [info] [remote] network-interface change detected; probing SSH controllers
2026-06-04 17:48:32 [info] [remote] network-interface change detected; probing SSH controllers
2026-06-04 17:48:35 [info] [remote] network-interface change detected; probing SSH controllers
2026-06-04 17:48:38 [info] [remote] network-interface change detected; probing SSH controllers
2026-06-04 17:48:44 [info] [remote] network-interface change detected; probing SSH controllers
2026-06-04 19:10:56 [info] [remote] powerMonitor:resume; probing SSH controllers
2026-06-04 19:10:58 [info] [remote] powerMonitor:unlock-screen; probing SSH controllers
2026-06-04 19:10:59 [info] [remote] network-interface change detected; probing SSH controllers
2026-06-04 19:11:02 [info] [remote] network-interface change detected; probing SSH controllers
2026-06-04 19:17:17 [info] [remote] network-interface change detected; probing SSH controllers
2026-06-04 19:44:03 [info] [remote] network-interface change detected; probing SSH controllers
2026-06-04 19:57:57 [info] [remote] network-interface change detected; probing SSH controllers
2026-06-04 21:01:29 [info] [remote] network-interface change detected; probing SSH controllers
2026-06-04 22:00:47 [info] [remote] network-interface change detected; probing SSH controllers
2026-06-04 22:02:21 [info] [remote] network-interface change detected; probing SSH controllers
2026-06-04 22:02:24 [info] [remote] network-interface change detected; probing SSH controllers
2026-06-04 22:02:27 [info] [remote] network-interface change detected; probing SSH controllers
2026-06-05 00:16:00 [info] [remote] network-interface change detected; probing SSH controllers
2026-06-05 00:17:33 [info] [remote] network-interface change detected; probing SSH controllers
2026-06-05 00:17:36 [info] [remote] network-interface change detected; probing SSH controllers
2026-06-05 00:17:51 [info] [remote] network-interface change detected; probing SSH controllers
2026-06-05 02:11:38 [info] [remote] network-interface change detected; probing SSH controllers
2026-06-05 02:13:05 [info] [remote] network-interface change detected; probing SSH controllers
2026-06-05 02:13:11 [info] [remote] network-interface change detected; probing SSH controllers
2026-06-05 06:08:57 [info] [remote] network-interface change detected; probing SSH controllers
2026-06-05 06:26:08 [info] [remote] network-interface change detected; probing SSH controllers
2026-06-05 06:43:48 [info] [remote] network-interface change detected; probing SSH controllers
2026-06-05 07:34:19 [info] [remote] network-interface change detected; probing SSH controllers
2026-06-05 07:34:43 [info] [remote] network-interface change detected; probing SSH controllers
2026-06-05 07:34:46 [info] [remote] network-interface change detected; probing SSH controllers
2026-06-05 07:35:13 [info] [remote] network-interface change detected; probing SSH controllers
2026-06-05 07:35:28 [info] [remote] network-interface change detected; probing SSH controllers
2026-06-05 07:48:09 [info] [remote] network-interface change detected; probing SSH controllers
2026-06-05 08:09:54 [info] [remote] powerMonitor:resume; probing SSH controllers
2026-06-05 08:09:56 [info] [remote] powerMonitor:unlock-screen; probing SSH controllers
2026-06-05 08:09:57 [info] [remote] network-interface change detected; probing SSH controllers
2026-06-05 08:10:39 [info] [remote] network-interface change detected; probing SSH controllers
2026-06-05 08:10:42 [info] [remote] network-interface change detected; probing SSH controllers
